------------------------------------------------------------
TimeQuest Timing Analyzer Summary
------------------------------------------------------------

Type  : Slow 1100mV 85C Model Setup 'clk'
Slack : -0.357
TNS   : -2.820

Type  : Slow 1100mV 85C Model Hold 'clk'
Slack : 0.415
TNS   : 0.000

Type  : Slow 1100mV 85C Model Minimum Pulse Width 'clk'
Slack : -0.724
TNS   : -11.084

Type  : Slow 1100mV 0C Model Setup 'clk'
Slack : -0.275
TNS   : -2.079

Type  : Slow 1100mV 0C Model Hold 'clk'
Slack : 0.396
TNS   : 0.000

Type  : Slow 1100mV 0C Model Minimum Pulse Width 'clk'
Slack : -0.724
TNS   : -11.120

Type  : Fast 1100mV 85C Model Setup 'clk'
Slack : 0.371
TNS   : 0.000

Type  : Fast 1100mV 85C Model Hold 'clk'
Slack : 0.188
TNS   : 0.000

Type  : Fast 1100mV 85C Model Minimum Pulse Width 'clk'
Slack : -0.085
TNS   : -0.843

Type  : Fast 1100mV 0C Model Setup 'clk'
Slack : 0.416
TNS   : 0.000

Type  : Fast 1100mV 0C Model Hold 'clk'
Slack : 0.166
TNS   : 0.000

Type  : Fast 1100mV 0C Model Minimum Pulse Width 'clk'
Slack : -0.085
TNS   : -0.838

------------------------------------------------------------
