------------------------------------------------------------
TimeQuest Timing Analyzer Summary
------------------------------------------------------------

Type  : Slow 1100mV 85C Model Setup 'clk'
Slack : -0.309
TNS   : -1.443

Type  : Slow 1100mV 85C Model Hold 'clk'
Slack : 0.533
TNS   : 0.000

Type  : Slow 1100mV 85C Model Minimum Pulse Width 'clk'
Slack : -0.724
TNS   : -5.543

Type  : Slow 1100mV 0C Model Setup 'clk'
Slack : -0.228
TNS   : -1.067

Type  : Slow 1100mV 0C Model Hold 'clk'
Slack : 0.505
TNS   : 0.000

Type  : Slow 1100mV 0C Model Minimum Pulse Width 'clk'
Slack : -0.724
TNS   : -5.550

Type  : Fast 1100mV 85C Model Setup 'clk'
Slack : 0.407
TNS   : 0.000

Type  : Fast 1100mV 85C Model Hold 'clk'
Slack : 0.242
TNS   : 0.000

Type  : Fast 1100mV 85C Model Minimum Pulse Width 'clk'
Slack : -0.085
TNS   : -0.423

Type  : Fast 1100mV 0C Model Setup 'clk'
Slack : 0.450
TNS   : 0.000

Type  : Fast 1100mV 0C Model Hold 'clk'
Slack : 0.213
TNS   : 0.000

Type  : Fast 1100mV 0C Model Minimum Pulse Width 'clk'
Slack : -0.085
TNS   : -0.421

------------------------------------------------------------
