------------------------------------------------------------
TimeQuest Timing Analyzer Summary
------------------------------------------------------------

Type  : Slow 1100mV 85C Model Setup 'clk'
Slack : -0.328
TNS   : -0.723

Type  : Slow 1100mV 85C Model Hold 'clk'
Slack : 0.428
TNS   : 0.000

Type  : Slow 1100mV 85C Model Minimum Pulse Width 'clk'
Slack : -0.724
TNS   : -3.321

Type  : Slow 1100mV 0C Model Setup 'clk'
Slack : -0.267
TNS   : -0.544

Type  : Slow 1100mV 0C Model Hold 'clk'
Slack : 0.415
TNS   : 0.000

Type  : Slow 1100mV 0C Model Minimum Pulse Width 'clk'
Slack : -0.724
TNS   : -3.405

Type  : Fast 1100mV 85C Model Setup 'clk'
Slack : 0.380
TNS   : 0.000

Type  : Fast 1100mV 85C Model Hold 'clk'
Slack : 0.192
TNS   : 0.000

Type  : Fast 1100mV 85C Model Minimum Pulse Width 'clk'
Slack : -0.082
TNS   : -0.242

Type  : Fast 1100mV 0C Model Setup 'clk'
Slack : 0.424
TNS   : 0.000

Type  : Fast 1100mV 0C Model Hold 'clk'
Slack : 0.171
TNS   : 0.000

Type  : Fast 1100mV 0C Model Minimum Pulse Width 'clk'
Slack : -0.083
TNS   : -0.247

------------------------------------------------------------
