------------------------------------------------------------
TimeQuest Timing Analyzer Summary
------------------------------------------------------------

Type  : Slow 1100mV 85C Model Setup 'clk'
Slack : 0.214
TNS   : 0.000

Type  : Slow 1100mV 85C Model Hold 'clk'
Slack : -0.496
TNS   : -3.109

Type  : Slow 1100mV 85C Model Recovery 'clk'
Slack : 0.182
TNS   : 0.000

Type  : Slow 1100mV 85C Model Removal 'clk'
Slack : -0.596
TNS   : -4.650

Type  : Slow 1100mV 85C Model Minimum Pulse Width 'clk'
Slack : -0.724
TNS   : -8.861

Type  : Slow 1100mV 85C Model Minimum Pulse Width 'clr'
Slack : 0.417
TNS   : 0.000

Type  : Slow 1100mV 0C Model Setup 'clk'
Slack : 0.180
TNS   : 0.000

Type  : Slow 1100mV 0C Model Hold 'clk'
Slack : -0.656
TNS   : -3.790

Type  : Slow 1100mV 0C Model Recovery 'clk'
Slack : 0.201
TNS   : 0.000

Type  : Slow 1100mV 0C Model Removal 'clk'
Slack : -0.797
TNS   : -6.252

Type  : Slow 1100mV 0C Model Minimum Pulse Width 'clk'
Slack : -0.724
TNS   : -8.831

Type  : Slow 1100mV 0C Model Minimum Pulse Width 'clr'
Slack : 0.341
TNS   : 0.000

Type  : Fast 1100mV 0C Model Setup 'clk'
Slack : 0.531
TNS   : 0.000

Type  : Fast 1100mV 0C Model Hold 'clk'
Slack : -0.244
TNS   : -1.605

Type  : Fast 1100mV 0C Model Recovery 'clk'
Slack : 0.506
TNS   : 0.000

Type  : Fast 1100mV 0C Model Removal 'clk'
Slack : -1.048
TNS   : -8.272

Type  : Fast 1100mV 0C Model Minimum Pulse Width 'clk'
Slack : -0.105
TNS   : -0.825

Type  : Fast 1100mV 0C Model Minimum Pulse Width 'clr'
Slack : 0.015
TNS   : 0.000

------------------------------------------------------------
