------------------------------------------------------------
TimeQuest Timing Analyzer Summary
------------------------------------------------------------

Type  : Slow 1100mV 85C Model Setup 'd_in'
Slack : -4.481
TNS   : -30.686

Type  : Slow 1100mV 85C Model Setup 'clk'
Slack : -1.975
TNS   : -12.293

Type  : Slow 1100mV 85C Model Hold 'd_in'
Slack : 0.857
TNS   : 0.000

Type  : Slow 1100mV 85C Model Hold 'clk'
Slack : 0.924
TNS   : 0.000

Type  : Slow 1100mV 85C Model Minimum Pulse Width 'clk'
Slack : -0.724
TNS   : -7.738

Type  : Slow 1100mV 85C Model Minimum Pulse Width 'd_in'
Slack : 0.342
TNS   : 0.000

Type  : Slow 1100mV 0C Model Setup 'd_in'
Slack : -4.541
TNS   : -31.150

Type  : Slow 1100mV 0C Model Setup 'clk'
Slack : -1.793
TNS   : -10.721

Type  : Slow 1100mV 0C Model Hold 'd_in'
Slack : 0.500
TNS   : 0.000

Type  : Slow 1100mV 0C Model Hold 'clk'
Slack : 0.663
TNS   : 0.000

Type  : Slow 1100mV 0C Model Minimum Pulse Width 'clk'
Slack : -0.724
TNS   : -7.987

Type  : Slow 1100mV 0C Model Minimum Pulse Width 'd_in'
Slack : 0.373
TNS   : 0.000

Type  : Fast 1100mV 85C Model Setup 'd_in'
Slack : -2.311
TNS   : -14.762

Type  : Fast 1100mV 85C Model Setup 'clk'
Slack : -0.417
TNS   : -1.823

Type  : Fast 1100mV 85C Model Hold 'clk'
Slack : 0.335
TNS   : 0.000

Type  : Fast 1100mV 85C Model Hold 'd_in'
Slack : 0.486
TNS   : 0.000

Type  : Fast 1100mV 85C Model Minimum Pulse Width 'clk'
Slack : -0.081
TNS   : -0.561

Type  : Fast 1100mV 85C Model Minimum Pulse Width 'd_in'
Slack : 0.043
TNS   : 0.000

Type  : Fast 1100mV 0C Model Setup 'd_in'
Slack : -2.074
TNS   : -13.244

Type  : Fast 1100mV 0C Model Setup 'clk'
Slack : -0.264
TNS   : -0.955

Type  : Fast 1100mV 0C Model Hold 'clk'
Slack : 0.252
TNS   : 0.000

Type  : Fast 1100mV 0C Model Hold 'd_in'
Slack : 0.375
TNS   : 0.000

Type  : Fast 1100mV 0C Model Minimum Pulse Width 'clk'
Slack : -0.083
TNS   : -0.571

Type  : Fast 1100mV 0C Model Minimum Pulse Width 'd_in'
Slack : 0.038
TNS   : 0.000

------------------------------------------------------------
